// Jest Snapshot v1, https://goo.gl/fbAQLP

exports[`should match snapshot 1`] = `
.emotion-0 {
  border-radius: 9999px;
}

<div>
  <div
    id="patches-root"
  >
    <img
      class="emotion-0 emotion-1"
      height="60px"
      width="60px"
    />
  </div>
</div>
`;
