// Jest Snapshot v1, https://goo.gl/fbAQLP

exports[`should match snapshot 1`] = `
.emotion-0 {
  box-sizing: border-box;
  min-width: 0;
  -webkit-transition: all 0.2s ease;
  transition: all 0.2s ease;
  display: -webkit-inline-box;
  display: -webkit-inline-flex;
  display: -ms-inline-flexbox;
  display: inline-flex;
  -webkit-align-items: center;
  -webkit-box-align: center;
  -ms-flex-align: center;
  align-items: center;
  -webkit-box-pack: center;
  -ms-flex-pack: center;
  -webkit-justify-content: center;
  justify-content: center;
  font-size: 12px;
  font-weight: 600;
  padding-left: 8px;
  padding-right: 8px;
  padding-top: 4px;
  padding-bottom: 4px;
  border-radius: 9999px;
  border-style: solid;
  border-width: 1px;
  color: #0C6B58;
  background-color: #C6F7E2;
  border-color: #0C6B58;
}

<div>
  <div
    id="patches-root"
  >
    <div
      class="emotion-0"
      display="inline-flex"
      font-size="xsmall"
      font-weight="semibold"
    />
  </div>
</div>
`;
