// Jest Snapshot v1, https://goo.gl/fbAQLP

exports[`should match snapshot 1`] = `
.emotion-0 {
  box-sizing: border-box;
  min-width: 0;
  -webkit-transition: all 0.2s ease;
  transition: all 0.2s ease;
  background-color: #014D40;
}

.emotion-1 {
  box-sizing: border-box;
  min-width: 0;
  -webkit-transition: all 0.2s ease;
  transition: all 0.2s ease;
  max-width: 1280px;
  margin-left: auto;
  margin-right: auto;
  padding-left: 16px;
  padding-right: 16px;
  padding-top: 8px;
  padding-bottom: 8px;
}

@media screen and (min-width: 768px) {
  .emotion-1 {
    padding-left: 24px;
    padding-right: 24px;
    padding-top: 16px;
    padding-bottom: 16px;
  }
}

@media screen and (min-width: 1024px) {
  .emotion-1 {
    padding-left: 24px;
    padding-right: 24px;
  }
}

.emotion-2 {
  box-sizing: border-box;
  min-width: 0;
  -webkit-transition: all 0.2s ease;
  transition: all 0.2s ease;
  font-size: 14px;
  color: #65D6AD;
  font-weight: 600;
}

<div>
  <div
    id="patches-root"
  >
    <footer
      class="emotion-0"
    >
      <div
        class="emotion-1"
      >
        <div
          class="emotion-2"
          font-size="small"
          font-weight="semibold"
        >
          Â© 
          2022
           
          OpenPatch
        </div>
      </div>
    </footer>
  </div>
</div>
`;
