// Jest Snapshot v1, https://goo.gl/fbAQLP

exports[`should match snapshot 1`] = `
.emotion-0 {
  box-sizing: border-box;
  min-width: 0;
  -webkit-transition: all 0.2s ease;
  transition: all 0.2s ease;
  display: -webkit-box;
  display: -webkit-flex;
  display: -ms-flexbox;
  display: flex;
  -webkit-align-items: center;
  -webkit-box-align: center;
  -ms-flex-align: center;
  align-items: center;
}

.emotion-0 svg {
  margin-right: 4px;
}

.emotion-2 {
  position: relative;
  border-radius: 9999px;
  display: -webkit-inline-box;
  display: -webkit-inline-flex;
  display: -ms-inline-flexbox;
  display: inline-flex;
  -webkit-align-items: center;
  -webkit-box-align: center;
  -ms-flex-align: center;
  align-items: center;
  -webkit-box-pack: center;
  -ms-flex-pack: center;
  -webkit-justify-content: center;
  justify-content: center;
  color: #C99A2E;
  width: 24px;
  height: 24px;
}

.emotion-2 svg {
  width: 24px;
  height: 24px;
}

.emotion-2 svg .primary {
  fill: #F9DA8B;
}

.emotion-2 svg .secondary {
  fill: #C99A2E;
}

.emotion-3 {
  box-sizing: border-box;
  min-width: 0;
  -webkit-transition: all 0.2s ease;
  transition: all 0.2s ease;
  padding: 0px;
  margin: 0px;
  color: #513C06;
}

<div>
  <div
    id="patches-root"
  >
    <div
      class="emotion-0 emotion-1"
      display="flex"
    >
      <span
        class="emotion-2"
      >
        <svg
          class="icon-important"
          viewBox="0 0 24 24"
        >
          <path
            class="primary"
            d="M12 2a10 10 0 110 20 10 10 0 010-20z"
          />
          <path
            class="secondary"
            d="M12 18a1.5 1.5 0 110-3 1.5 1.5 0 010 3zm1-5.9c-.13 1.2-1.88 1.2-2 0l-.5-5a1 1 0 011-1.1h1a1 1 0 011 1.1l-.5 5z"
          />
        </svg>
      </span>
      <p
        class="emotion-3 emotion-1"
        role="alert"
      />
    </div>
  </div>
</div>
`;
