// Jest Snapshot v1, https://goo.gl/fbAQLP

exports[`should match snapshot 1`] = `
<div>
  <img
    class="emotion-0 emotion-1"
  />
</div>
`;
