// Jest Snapshot v1, https://goo.gl/fbAQLP

exports[`should match snapshot 1`] = `
.emotion-0 {
  box-sizing: border-box;
  min-width: 0;
  -webkit-transition: all 0.2s ease;
  transition: all 0.2s ease;
  display: -webkit-box;
  display: -webkit-flex;
  display: -ms-flexbox;
  display: flex;
  box-shadow: 0 1px 2px 0 rgba(0, 0, 0, 0.05);
  border-radius: 4px;
  border-color: #CBD2D9;
  border-style: solid;
  border-width: 1px;
}

.emotion-0>input {
  border: none;
  border-radius: 0;
  -webkit-flex: 1;
  -ms-flex: 1;
  flex: 1;
}

<div>
  <div
    id="patches-root"
  >
    <div
      class="emotion-0 emotion-1"
      display="flex"
    />
  </div>
</div>
`;
