// Jest Snapshot v1, https://goo.gl/fbAQLP

exports[`should match snapshot when closed 1`] = `
<div>
  <div
    id="patches-root"
  />
</div>
`;

exports[`should match snapshot when open 1`] = `
<div>
  <div
    id="patches-root"
  />
</div>
`;
