// Jest Snapshot v1, https://goo.gl/fbAQLP

exports[`should match snapshot 1`] = `
.emotion-0 {
  box-sizing: border-box;
  min-width: 0;
  -webkit-transition: all 0.2s ease;
  transition: all 0.2s ease;
  background-color: #014D40;
  color: #EFFCF6;
}

.emotion-2 {
  box-sizing: border-box;
  min-width: 0;
  -webkit-transition: all 0.2s ease;
  transition: all 0.2s ease;
  max-width: 1280px;
  margin-left: auto;
  margin-right: auto;
}

.emotion-4 {
  box-sizing: border-box;
  min-width: 0;
  -webkit-transition: all 0.2s ease;
  transition: all 0.2s ease;
  display: -webkit-box;
  display: -webkit-flex;
  display: -ms-flexbox;
  display: flex;
  -webkit-box-pack: justify;
  -webkit-justify-content: space-between;
  justify-content: space-between;
  -webkit-align-items: center;
  -webkit-box-align: center;
  -ms-flex-align: center;
  align-items: center;
  height: 4rem;
  padding-left: 16px;
  padding-right: 16px;
}

@media screen and (min-width: 768px) {
  .emotion-4 {
    padding-left: 24px;
    padding-right: 24px;
  }
}

@media screen and (min-width: 1024px) {
  .emotion-4 {
    padding-left: 24px;
    padding-right: 24px;
  }
}

.emotion-6 {
  box-sizing: border-box;
  min-width: 0;
  -webkit-transition: all 0.2s ease;
  transition: all 0.2s ease;
  display: -webkit-box;
  display: -webkit-flex;
  display: -ms-flexbox;
  display: flex;
  -webkit-align-items: center;
  -webkit-box-align: center;
  -ms-flex-align: center;
  align-items: center;
}

.emotion-8 {
  box-sizing: border-box;
  min-width: 0;
  -webkit-transition: all 0.2s ease;
  transition: all 0.2s ease;
  display: -webkit-box;
  display: -webkit-flex;
  display: -ms-flexbox;
  display: flex;
  -webkit-align-items: center;
  -webkit-box-align: center;
  -ms-flex-align: center;
  align-items: center;
  margin-right: 16px;
}

.emotion-10 {
  stroke: currentColor;
}

.emotion-11 {
  fill: currentColor;
}

.emotion-12 {
  box-sizing: border-box;
  min-width: 0;
  -webkit-transition: all 0.2s ease;
  transition: all 0.2s ease;
  display: none;
}

@media screen and (min-width: 768px) {
  .emotion-12 {
    display: block;
  }
}

.emotion-14 {
  box-sizing: border-box;
  min-width: 0;
  -webkit-transition: all 0.2s ease;
  transition: all 0.2s ease;
  margin-left: 0px;
  display: -webkit-box;
  display: -webkit-flex;
  display: -ms-flexbox;
  display: flex;
  -webkit-align-items: baseline;
  -webkit-box-align: baseline;
  -ms-flex-align: baseline;
  align-items: baseline;
}

.emotion-14>:nth-of-type(1) {
  margin: 0;
}

.emotion-14>* {
  display: inline-block;
  margin-left: 16px;
}

.emotion-16 {
  box-sizing: border-box;
  min-width: 0;
  -webkit-transition: all 0.2s ease;
  transition: all 0.2s ease;
  cursor: pointer;
  display: inline-block;
  color: #EFFCF6;
  padding-left: 16px;
  padding-right: 16px;
  padding-top: 8px;
  padding-bottom: 8px;
  font-size: 16px;
  font-weight: 600;
  border-radius: 10px;
  -webkit-user-select: none;
  -moz-user-select: none;
  -ms-user-select: none;
  user-select: none;
  -webkit-text-decoration: none;
  text-decoration: none;
}

.emotion-16:focus {
  outline: none;
  color: white;
  background-color: #147D64;
}

.emotion-16:hover {
  background-color: #147D64;
}

.emotion-20 {
  box-sizing: border-box;
  min-width: 0;
  -webkit-transition: all 0.2s ease;
  transition: all 0.2s ease;
}

.emotion-22 {
  box-sizing: border-box;
  min-width: 0;
  -webkit-transition: all 0.2s ease;
  transition: all 0.2s ease;
  display: -webkit-box;
  display: -webkit-flex;
  display: -ms-flexbox;
  display: flex;
  margin-left: 0px;
  -webkit-align-items: center;
  -webkit-box-align: center;
  -ms-flex-align: center;
  align-items: center;
  margin-top: 16px;
  margin-bottom: 16px;
}

@media screen and (min-width: 768px) {
  .emotion-22 {
    margin-left: 8px;
  }
}

@media screen and (min-width: 1024px) {
  .emotion-22 {
    margin-left: 16px;
  }
}

.emotion-22>* {
  margin-left: 16px;
}

.emotion-24 {
  box-sizing: border-box;
  min-width: 0;
  -webkit-transition: all 0.2s ease;
  transition: all 0.2s ease;
  padding: 4px;
  display: -webkit-box;
  display: -webkit-flex;
  display: -ms-flexbox;
  display: flex;
  -webkit-align-items: center;
  -webkit-box-align: center;
  -ms-flex-align: center;
  align-items: center;
  border-radius: 8px;
  position: relative;
  color: #EFFCF6;
}

.emotion-24:hover {
  background-color: #0C6B58;
}

.emotion-26 {
  position: relative;
  border-radius: 9999px;
  display: -webkit-inline-box;
  display: -webkit-inline-flex;
  display: -ms-inline-flexbox;
  display: inline-flex;
  -webkit-align-items: center;
  -webkit-box-align: center;
  -ms-flex-align: center;
  align-items: center;
  -webkit-box-pack: center;
  -ms-flex-pack: center;
  -webkit-justify-content: center;
  justify-content: center;
  color: currentColor;
  width: 24px;
  height: 24px;
}

.emotion-26 svg {
  width: 24px;
  height: 24px;
}

.emotion-26 svg .primary {
  fill: currentColor;
}

.emotion-26 svg .secondary {
  fill: currentColor;
}

.emotion-27 {
  box-sizing: border-box;
  min-width: 0;
  -webkit-transition: all 0.2s ease;
  transition: all 0.2s ease;
  border-radius: 8px;
  font-weight: 600;
  background-color: #780A0A;
  color: #FACDCD;
  border-color: #FACDCD;
  position: absolute;
  padding: 2px;
  font-size: 10px;
  width: 23px;
  text-align: center;
  top: -6px;
  right: -6px;
}

.emotion-29 {
  box-sizing: border-box;
  min-width: 0;
  -webkit-transition: all 0.2s ease;
  transition: all 0.2s ease;
  position: relative;
  display: none;
}

@media screen and (min-width: 768px) {
  .emotion-29 {
    display: block;
  }
}

.emotion-31 {
  box-sizing: border-box;
  min-width: 0;
  -webkit-transition: all 0.2s ease;
  transition: all 0.2s ease;
  display: -webkit-box;
  display: -webkit-flex;
  display: -ms-flexbox;
  display: flex;
  -webkit-align-items: center;
  -webkit-box-align: center;
  -ms-flex-align: center;
  align-items: center;
  cursor: pointer;
  position: relative;
}

.emotion-33 {
  border-radius: 9999px;
}

.emotion-35 {
  box-sizing: border-box;
  min-width: 0;
  -webkit-transition: all 0.2s ease;
  transition: all 0.2s ease;
  display: block;
}

@media screen and (min-width: 768px) {
  .emotion-35 {
    display: none;
  }
}

.emotion-37 {
  color: #EFFCF6;
  background-color: transparent;
  position: relative;
  border: none;
  display: -webkit-inline-box;
  display: -webkit-inline-flex;
  display: -ms-inline-flexbox;
  display: inline-flex;
  -webkit-box-pack: center;
  -ms-flex-pack: center;
  -webkit-justify-content: center;
  justify-content: center;
  -webkit-align-items: center;
  -webkit-box-align: center;
  -ms-flex-align: center;
  align-items: center;
  cursor: pointer;
  border-radius: 8px;
  font-weight: 600;
  -webkit-transition: all 0.1s ease-out;
  transition: all 0.1s ease-out;
  font-size: 14px;
  padding-left: 10px;
  padding-right: 10px;
  padding-top: 8px;
  padding-bottom: 8px;
  -webkit-transition: background-color 0.5s ease;
  transition: background-color 0.5s ease;
  padding: 6px;
}

.emotion-37:disabled {
  cursor: not-allowed;
  opacity: 0.4;
}

.emotion-37:hover:enabled {
  opacity: 0.8;
}

.emotion-37:active:enabled {
  -webkit-filter: brightness(80%);
  filter: brightness(80%);
}

.emotion-37:focus {
  outline: none;
  box-shadow: 0 0 0 3px rgba(66, 153, 225, 0.5);
}

.emotion-37 span.icon-left,
.emotion-37 span.icon-right {
  display: -webkit-inline-box;
  display: -webkit-inline-flex;
  display: -ms-inline-flexbox;
  display: inline-flex;
  text-align: center;
  -webkit-align-items: center;
  -webkit-box-align: center;
  -ms-flex-align: center;
  align-items: center;
  -webkit-box-pack: center;
  -ms-flex-pack: center;
  -webkit-justify-content: center;
  justify-content: center;
}

.emotion-37 span.icon-left,
.emotion-37 span.icon-right {
  width: 14px;
}

.emotion-37 span.icon-left {
  margin-right: 8px;
}

.emotion-37 span.icon-right {
  margin-left: 8px;
}

.emotion-37:focus {
  outline: none;
  color: white;
  background-color: #147D64;
}

.emotion-37:hover {
  background-color: #147D64;
}

.emotion-37 svg {
  height: 1.5em;
  width: 1.5em;
}

.emotion-39 {
  box-sizing: border-box;
  min-width: 0;
  -webkit-transition: all 0.2s ease;
  transition: all 0.2s ease;
  border: none;
  display: -webkit-inline-box;
  display: -webkit-inline-flex;
  display: -ms-inline-flexbox;
  display: inline-flex;
  -webkit-box-pack: center;
  -ms-flex-pack: center;
  -webkit-justify-content: center;
  justify-content: center;
  -webkit-align-items: center;
  -webkit-box-align: center;
  -ms-flex-align: center;
  align-items: center;
  cursor: pointer;
  border-radius: 8px;
  font-weight: 600;
  -webkit-transition: all 0.1s ease-out;
  transition: all 0.1s ease-out;
}

.emotion-39:focus {
  outline: none;
  box-shadow: 0 0 0 3px rgba(66, 153, 225, 0.5);
}

.emotion-39 span.icon-left,
.emotion-39 span.icon-right {
  display: -webkit-inline-box;
  display: -webkit-inline-flex;
  display: -ms-inline-flexbox;
  display: inline-flex;
  text-align: center;
  -webkit-align-items: center;
  -webkit-box-align: center;
  -ms-flex-align: center;
  align-items: center;
  -webkit-box-pack: center;
  -ms-flex-pack: center;
  -webkit-justify-content: center;
  justify-content: center;
}

.emotion-41 {
  box-sizing: border-box;
  min-width: 0;
  -webkit-transition: all 0.2s ease;
  transition: all 0.2s ease;
  display: none;
  position: absolute;
  top: 64px;
  right: 0;
  left: 0;
  overflow-y: auto;
  max-height: 70vh;
  border-bottom-left-radius: 8px;
  background-color: #014D40;
  border-bottom-right-radius: 8px;
  box-shadow: 0 1px 3px 0 rgba(0, 0, 0, 0.1),0 1px 2px 0 rgba(0, 0, 0, 0.06);
  z-index: 40;
  padding-left: 16px;
  padding-right: 16px;
}

@media screen and (min-width: 768px) {
  .emotion-41 {
    display: none;
    border-bottom-left-radius: 0;
    border-bottom-right-radius: 0;
    padding-left: 24px;
    padding-right: 24px;
  }
}

@media screen and (min-width: 1024px) {
  .emotion-41 {
    padding-left: 24px;
    padding-right: 24px;
  }
}

.emotion-43 {
  box-sizing: border-box;
  min-width: 0;
  -webkit-transition: all 0.2s ease;
  transition: all 0.2s ease;
  padding-bottom: 8px;
}

.emotion-43>:nth-of-type(1) {
  margin-top: 0;
}

.emotion-43>* {
  display: block!important;
  margin-top: 8px;
}

.emotion-49 {
  box-sizing: border-box;
  min-width: 0;
  -webkit-transition: all 0.2s ease;
  transition: all 0.2s ease;
  border-top-color: #199473;
  border-top-style: solid;
  border-top-width: 2px;
  padding-top: 16px;
  padding-bottom: 16px;
}

.emotion-51 {
  box-sizing: border-box;
  min-width: 0;
  -webkit-transition: all 0.2s ease;
  transition: all 0.2s ease;
  display: -webkit-box;
  display: -webkit-flex;
  display: -ms-flexbox;
  display: flex;
  padding-left: 16px;
  margin-bottom: 4px;
}

.emotion-53 {
  box-sizing: border-box;
  min-width: 0;
  -webkit-transition: all 0.2s ease;
  transition: all 0.2s ease;
  margin-right: 8px;
}

.emotion-59 {
  box-sizing: border-box;
  min-width: 0;
  -webkit-transition: all 0.2s ease;
  transition: all 0.2s ease;
  padding: 0px;
  margin: 0px;
}

.emotion-61 {
  box-sizing: border-box;
  min-width: 0;
  -webkit-transition: all 0.2s ease;
  transition: all 0.2s ease;
  padding: 0px;
  margin: 0px;
  font-size: 12px;
  color: #8EEDC7;
}

.emotion-63 {
  box-sizing: border-box;
  min-width: 0;
  -webkit-transition: all 0.2s ease;
  transition: all 0.2s ease;
}

.emotion-63>* {
  display: block!important;
}

.emotion-65 {
  box-sizing: border-box;
  min-width: 0;
  -webkit-transition: all 0.2s ease;
  transition: all 0.2s ease;
  cursor: pointer;
  display: inline-block;
  color: #8EEDC7;
  padding-left: 16px;
  padding-right: 16px;
  padding-top: 8px;
  padding-bottom: 8px;
  font-size: 16px;
  font-weight: 600;
  border-radius: 10px;
  -webkit-user-select: none;
  -moz-user-select: none;
  -ms-user-select: none;
  user-select: none;
  -webkit-text-decoration: none;
  text-decoration: none;
}

.emotion-65:focus {
  outline: none;
  color: white;
  background-color: #147D64;
}

.emotion-65:hover {
  background-color: #147D64;
}

<div>
  <nav
    aria-label="top-menu"
    class="emotion-0 emotion-1"
  >
    <div
      class="emotion-2 emotion-1"
    >
      <div
        class="emotion-4 emotion-1"
        display="flex"
        height="4rem"
      >
        <div
          class="emotion-6 emotion-1"
          display="flex"
        >
          <div
            class="emotion-8 emotion-1"
            display="flex"
          >
            <svg
              height="40px"
              version="1.1"
              viewBox="0 0 82.442 82.442"
              width="40px"
              xmlns="http://www.w3.org/2000/svg"
            >
              <defs>
                <clippath
                  clipPathUnits="userSpaceOnUse"
                >
                  <path
                    d="M0 400h550V0H0z"
                  />
                </clippath>
              </defs>
              <path
                class="emotion-10"
                d="M3.21 1.77h76.023c.797 0 1.439.642 1.439 1.44v76.023c0 .797-.642 1.439-1.44 1.439H3.21a1.436 1.436 0 01-1.439-1.44V3.21c0-.797.642-1.439 1.44-1.439z"
                fill-opacity="0"
                opacity="1"
                stroke-dasharray="none"
                stroke-linejoin="miter"
                stroke-miterlimit="4"
                stroke-opacity="1"
                stroke-width="3.54"
              />
              <path
                class="emotion-11"
                d="M27.908 53.561c.25.216.374.557.374 1.023v9.654c0 .864-.436 1.3-1.31 1.31l-8.219-.013c-.864 0-1.297-.433-1.297-1.297v-5.239c0-.066.017-.133.05-.2l-.012-.037-.038-.012v-4.166c-.008-.873.424-1.306 1.297-1.297l8.22-.013c.407.008.719.104.935.287m37.343-29.535c.017.881-.416 1.33-1.297 1.347l-8.207-.025c-.898 0-1.355-.44-1.372-1.322l-.013-5.251c.017-.881.474-1.322 1.372-1.322l8.257.025c.848.016 1.264.449 1.248 1.297l.012 5.251m-23.199 0l.012-5.251c.017-.881.474-1.322 1.372-1.322l8.17-.013c.898 0 1.343.445 1.335 1.335l-.013 5.251c.017.881-.424 1.322-1.322 1.322h-8.182c-.898 0-1.355-.44-1.372-1.322m-1.472 0c.008.89-.424 1.33-1.297 1.322h-8.207c-.873.009-1.314-.432-1.322-1.322l-.012-5.251c.016-.881.457-1.322 1.322-1.322h8.232c.864 0 1.288.44 1.272 1.322l.012 5.251M18.753 17.44l8.22.013c.873-.009 1.297.432 1.272 1.322l.012 5.251c.017.881-.407 1.322-1.272 1.322h-8.232c-.864 0-1.305-.44-1.322-1.322l-.012-5.251c.016-.881.461-1.326 1.334-1.335m46.51 28.126l.013 5.251c0 .865-.44 1.305-1.322 1.322l-45.2-.025c-.865 0-1.298-.432-1.298-1.297v-5.263c0-.084.017-.158.05-.225a6.681 6.681 0 01-.075-.524l.025-11c0-.15.013-.304.038-.462a1.085 1.085 0 01-.038-.287v-5.238c-.017-.882.408-1.322 1.272-1.322h8.232c.865 0 1.306.44 1.322 1.322v5.238c0 .1-.004.195-.012.287.008.158.012.312.012.461l-.025 10.428h26.118l.012-9.866H31.064c-.865 0-1.297-.433-1.297-1.297v-5.264c-.017-.881.407-1.322 1.272-1.322l32.877.025c.882-.017 1.33.416 1.347 1.297v5.264a.623.623 0 010 .174v.374l.013 11.388c-.009.125-.009.25 0 .374-.025.041-.03.104-.013.187m4.678 25.581c.798 0 1.201-.403 1.21-1.21l-.013-57.436c0-.715-.328-1.11-.985-1.185-.067 0-.142-.008-.225-.025l-57.399-.025c-.823.025-1.234.437-1.234 1.235v57.674c.091.64.503.952 1.234.935l57.412.037"
                fill-opacity="1"
                fill-rule="nonzero"
                opacity="1"
                stroke="none"
                stroke-width="0.353"
              />
            </svg>
          </div>
          <div
            class="emotion-12 emotion-1"
            display="none,block"
          >
            <div
              class="emotion-14 emotion-1"
              display="flex"
            >
              <a
                class="emotion-16 emotion-1"
                cursor="pointer"
                display="inline-block"
                font-size="standard"
                font-weight="semibold"
                href="#"
              >
                Home
              </a>
              <a
                class="emotion-16 emotion-1"
                cursor="pointer"
                display="inline-block"
                font-size="standard"
                font-weight="semibold"
                href="#"
              >
                Page 1
              </a>
            </div>
          </div>
        </div>
        <div
          class="emotion-20 emotion-1"
        >
          <div
            class="emotion-22 emotion-1"
            display="flex"
          >
            <a
              aria-label="Notifications"
              class="emotion-24 emotion-1"
              display="flex"
              href="#"
              title="Notifications"
            >
              <span
                class="emotion-26"
              >
                <div
                  class="emotion-27 emotion-28"
                  font-weight="semibold"
                >
                  99+
                </div>
                <svg
                  fill="currentColor"
                  viewBox="0 0 20 20"
                >
                  <path
                    d="M10 2a6 6 0 00-6 6v3.586l-.707.707A1 1 0 004 14h12a1 1 0 00.707-1.707L16 11.586V8a6 6 0 00-6-6zM10 18a3 3 0 01-3-3h6a3 3 0 01-3 3z"
                  />
                </svg>
              </span>
            </a>
            <div
              class="emotion-29 emotion-1"
              display="none,block"
            >
              <div
                aria-haspopup="true"
                aria-label="Profile Menu"
                class="emotion-31 emotion-1"
                cursor="pointer"
                display="flex"
                id="profile-menu"
              >
                <img
                  alt="undefined avatar"
                  class="emotion-33 emotion-34"
                  height="40px"
                  src="https://vignette.wikia.nocookie.net/avatar/images/1/16/Young_Katara_worried.png/revision/latest/scale-to-width-down/200?cb=20090405200515"
                  title="undefined avatar"
                  width="40px"
                />
              </div>
            </div>
          </div>
        </div>
        <div
          class="emotion-35 emotion-1"
          display="block,none"
        >
          <button
            class="emotion-37 emotion-38"
          >
            <div
              class="emotion-39 emotion-1"
            >
              <svg
                fill="none"
                stroke="currentColor"
                viewBox="0 0 24 24"
              >
                <path
                  d="M4 6h16M4 12h16M4 18h16"
                  stroke-linecap="round"
                  stroke-linejoin="round"
                  stroke-width="2"
                />
              </svg>
            </div>
          </button>
        </div>
      </div>
      <div
        class="emotion-41 emotion-1"
        display="none,none"
      >
        <div
          class="emotion-43 emotion-1"
        >
          <a
            class="emotion-16 emotion-1"
            cursor="pointer"
            display="inline-block"
            font-size="standard"
            font-weight="semibold"
            href="#"
          >
            Home
          </a>
          <a
            class="emotion-16 emotion-1"
            cursor="pointer"
            display="inline-block"
            font-size="standard"
            font-weight="semibold"
            href="#"
          >
            Page 1
          </a>
        </div>
        <div
          class="emotion-49 emotion-1"
        >
          <div
            class="emotion-51 emotion-1"
            display="flex"
          >
            <div
              class="emotion-53 emotion-1"
            >
              <img
                alt="undefined avatar"
                class="emotion-33 emotion-34"
                height="40px"
                src="https://vignette.wikia.nocookie.net/avatar/images/1/16/Young_Katara_worried.png/revision/latest/scale-to-width-down/200?cb=20090405200515"
                title="undefined avatar"
                width="40px"
              />
            </div>
            <div
              class="emotion-20 emotion-1"
            >
              <div
                class="emotion-59 emotion-1"
              >
                Mike Barkmin
              </div>
              <div
                class="emotion-61 emotion-1"
                font-size="xsmall"
              >
                mike@openpatch.org
              </div>
            </div>
          </div>
          <div
            class="emotion-63 emotion-1"
          >
            <a
              class="emotion-65 emotion-1"
              cursor="pointer"
              display="inline-block"
              font-size="standard"
              font-weight="semibold"
              href="#"
            >
              Profile
            </a>
            <a
              class="emotion-65 emotion-1"
              cursor="pointer"
              display="inline-block"
              font-size="standard"
              font-weight="semibold"
            >
              Log out
            </a>
          </div>
        </div>
      </div>
    </div>
  </nav>
</div>
`;
