// Jest Snapshot v1, https://goo.gl/fbAQLP

exports[`should match snapshot 1`] = `
<div>
  <div
    id="patches-root"
  >
    <div
      id="patches-root"
    >
      <div
        class="Toastify"
      />
    </div>
  </div>
</div>
`;
