// Jest Snapshot v1, https://goo.gl/fbAQLP

exports[`should match snapshot 1`] = `
<div>
  <div
    class="react-tabs"
    data-tabs="true"
  />
</div>
`;
