// Jest Snapshot v1, https://goo.gl/fbAQLP

exports[`should match snapshot 1`] = `
<div>
  <video
    class="emotion-0"
  >
    <source
      src="https://f002.backblazeb2.com/file/openpatch-static/interactive.mp4"
    />
  </video>
</div>
`;
